Saving replays to diag-replays/r10-b90  (workers=8)
  [#######---------------------]   1/4  25.0%  [##############--------------]   2/4  50.0%  [#####################-------]   3/4  75.0%  [############################]   4/4 100.0%  done.
  wrote days_seed4362837462.csv (120 rows)
  wrote days_seed4362837463.csv (120 rows)
  wrote days_seed4362837464.csv (120 rows)
  wrote days_seed4362837465.csv (120 rows)
  wrote games.csv (16 rows)

Per-game summary:
  agent                           opponent        seed  final_money  opponent_final  result  idle_share_pct  idle_units_total  shed_pressure_days  floor_sales  animal_escapes  at_risk_of_escape  plants_died  missed_harvest_eod  feed_surplus  sell_revenue_total  premium_below_base_frac  discarded_units_total  unfed_signals  unwatered_eod
-------  ---------------------------------  ----------  -----------  --------------  ------  --------------  ----------------  ------------------  -----------  --------------  -----------------  -----------  ------------------  ------------  ------------------  -----------------------  ---------------------  -------------  -------------
scratch        kaggriculture-cloning-agent  4362837462      72196.0        178156.0    LOSS             2.4               157                  10            0               0                  0           59                  21          -324            110489.0                    0.316                     97             26            414
scratch        kaggriculture-cloning-agent  4362837463      30329.0        136575.0    LOSS             4.3               284                  12           75               0                  0           53                  18          -292             66903.0                    0.738                    184             24            401
scratch        kaggriculture-cloning-agent  4362837464      40450.0        145587.0    LOSS             1.5                98                  12           55               0                  0           55                  13          -269             76561.0                    0.645                     68             27            425
scratch        kaggriculture-cloning-agent  4362837465      12544.0        150155.0    LOSS             2.4               163                  14          105               0                  0           51                  17          -296             54599.0                    0.644                    440             22            394
scratch     kaggriculture-master-engine-v3  4362837462      41218.0        170352.0    LOSS             2.1               140                  13           17               0                  0           57                  20          -351             84679.0                    0.418                    264             31            382
scratch     kaggriculture-master-engine-v3  4362837463      30223.0        135711.0    LOSS             4.3               284                  12           75               0                  0           53                  18          -292             66717.0                    0.757                    184             24            401
scratch     kaggriculture-master-engine-v3  4362837464      50733.0        152573.0    LOSS             1.8               120                  12           67               0                  0           65                  18          -314             88930.0                    0.353                     86             23            413
scratch     kaggriculture-master-engine-v3  4362837465      66048.0        180025.0    LOSS             2.5               166                   2            4               0                  0           53                  18          -315            104300.0                    0.357                     24             28            389
scratch  kaggriculture-pipe16-idle-workers  4362837462      46482.0        165030.0    LOSS             2.5               169                  13           70               0                  0           54                  19          -326             86066.0                    0.375                    138             22            399
scratch  kaggriculture-pipe16-idle-workers  4362837463      30246.0        135755.0    LOSS             4.3               284                  12           75               0                  0           53                  18          -292             66686.0                    0.757                    184             24            401
scratch  kaggriculture-pipe16-idle-workers  4362837464      52422.0        164393.0    LOSS             2.1               141                   7           59               0                  0           67                  18          -306             89129.0                    0.304                     63             27            419
scratch  kaggriculture-pipe16-idle-workers  4362837465      66052.0        180070.0    LOSS             2.5               166                   2            4               0                  0           53                  18          -316            104264.0                    0.357                     24             28            389
scratch       kaggriculture-one-more-wheat  4362837462      56158.0        174938.0    LOSS             2.2               145                  13           21               0                  0           61                  21          -339             95845.0                    0.343                    128             23            422
scratch       kaggriculture-one-more-wheat  4362837463      30253.0        135782.0    LOSS             4.3               284                  12           75               0                  0           53                  18          -292             66669.0                    0.757                    184             24            401
scratch       kaggriculture-one-more-wheat  4362837464      47776.0        136013.0    LOSS             3.7               243                   5           60               0                  0           50                  14          -258             82567.0                     0.61                      4             25            379
scratch       kaggriculture-one-more-wheat  4362837465      29804.0        172403.0    LOSS             2.9               193                  14           23               0                  0           53                  20          -318             71227.0                    0.566                    290             24            399
