Saving replays to diag-replays/r10-b30  (workers=8)
  [#######---------------------]   1/4  25.0%  [##############--------------]   2/4  50.0%  [#####################-------]   3/4  75.0%  [############################]   4/4 100.0%  done.
  wrote days_seed4362837462.csv (120 rows)
  wrote days_seed4362837463.csv (120 rows)
  wrote days_seed4362837464.csv (120 rows)
  wrote days_seed4362837465.csv (120 rows)
  wrote games.csv (16 rows)

Per-game summary:
  agent                           opponent        seed  final_money  opponent_final  result  idle_share_pct  idle_units_total  shed_pressure_days  floor_sales  animal_escapes  at_risk_of_escape  plants_died  missed_harvest_eod  feed_surplus  sell_revenue_total  premium_below_base_frac  discarded_units_total  unfed_signals  unwatered_eod
-------  ---------------------------------  ----------  -----------  --------------  ------  --------------  ----------------  ------------------  -----------  --------------  -----------------  -----------  ------------------  ------------  ------------------  -----------------------  ---------------------  -------------  -------------
scratch     kaggriculture-master-engine-v3  4362837462      72666.0        179476.0    LOSS             2.6               170                   2           23               0                  0           52                  14          -327            111603.0                    0.374                      0             24            367
scratch     kaggriculture-master-engine-v3  4362837463      38227.0        124066.0    LOSS             2.7               178                   1            4               0                  0           52                  18          -278             72625.0                    0.834                     24             24            411
scratch     kaggriculture-master-engine-v3  4362837464      40255.0        120501.0    LOSS             1.4                93                   1           15               0                  0           59                  22          -277             78928.0                    0.793                      4             24            388
scratch     kaggriculture-master-engine-v3  4362837465      64419.0        163929.0    LOSS             3.0               202                   2           10               0                  0           58                  22          -316            102015.0                    0.445                     18             23            399
scratch        kaggriculture-cloning-agent  4362837462      74298.0        169473.0    LOSS             2.6               170                   2           19               0                  0           52                  14          -327            113336.0                    0.374                      0             24            367
scratch        kaggriculture-cloning-agent  4362837463      27133.0        113516.0    LOSS             2.3               151                   1           54               0                  0           58                  21          -313             63490.0                    0.874                     21             27            391
scratch        kaggriculture-cloning-agent  4362837464      39218.0        134318.0    LOSS             1.5                99                   1           33               1                  0           60                  20          -294             78660.0                    0.813                      0             36            378
scratch        kaggriculture-cloning-agent  4362837465      42191.0        149975.0    LOSS             2.6               175                   2           13               0                  0           51                  20          -280             78719.0                    0.627                      1             29            389
scratch       kaggriculture-one-more-wheat  4362837462      53464.0        158440.0    LOSS             2.4               156                   1           51               0                  0           57                  22          -273             90341.0                    0.388                      7             25            421
scratch       kaggriculture-one-more-wheat  4362837463      38238.0        124144.0    LOSS             2.7               178                   1            4               0                  0           52                  18          -279             72575.0                    0.834                     24             24            411
scratch       kaggriculture-one-more-wheat  4362837464      23370.0        115336.0    LOSS             2.0               130                   9           74               0                  0           62                  23          -355             67137.0                    0.796                    169             32            387
scratch       kaggriculture-one-more-wheat  4362837465      40220.0        160051.0    LOSS             3.3               218                   3           75               1                  0           56                  18          -259             76359.0                    0.564                     16             31            397
scratch  kaggriculture-pipe16-idle-workers  4362837462      72679.0        179518.0    LOSS             2.6               170                   2           23               0                  0           52                  14          -328            111575.0                    0.374                      0             24            367
scratch  kaggriculture-pipe16-idle-workers  4362837463      38236.0        124113.0    LOSS             2.7               178                   1            4               0                  0           52                  18          -279             72591.0                    0.834                     24             24            411
scratch  kaggriculture-pipe16-idle-workers  4362837464      57499.0        149660.0    LOSS             1.6               106                   1           42               0                  0           65                  19          -280             95645.0                    0.308                      0             28            415
scratch  kaggriculture-pipe16-idle-workers  4362837465      64442.0        163970.0    LOSS             3.0               202                   2           10               0                  0           58                  22          -317            101991.0                    0.445                     18             23            399
