Saving replays to diag-replays/r10-e23  (workers=8)
  [#######---------------------]   1/4  25.0%  [##############--------------]   2/4  50.0%  [#####################-------]   3/4  75.0%  [############################]   4/4 100.0%  done.
  wrote days_seed4362837462.csv (120 rows)
  wrote days_seed4362837463.csv (120 rows)
  wrote days_seed4362837464.csv (120 rows)
  wrote days_seed4362837465.csv (120 rows)
  wrote games.csv (16 rows)

Per-game summary:
  agent                           opponent        seed  final_money  opponent_final  result  idle_share_pct  idle_units_total  shed_pressure_days  floor_sales  animal_escapes  at_risk_of_escape  plants_died  missed_harvest_eod  feed_surplus  sell_revenue_total  premium_below_base_frac  discarded_units_total  unfed_signals  unwatered_eod
-------  ---------------------------------  ----------  -----------  --------------  ------  --------------  ----------------  ------------------  -----------  --------------  -----------------  -----------  ------------------  ------------  ------------------  -----------------------  ---------------------  -------------  -------------
scratch     kaggriculture-master-engine-v3  4362837462      69668.0        178813.0    LOSS             2.0               135                   2           19               0                  0           47                  14          -333            109460.0                    0.383                      0             25            367
scratch     kaggriculture-master-engine-v3  4362837463      38055.0        124112.0    LOSS             2.3               154                   1            4               0                  0           56                  20          -289             72479.0                    0.834                     24             24            426
scratch     kaggriculture-master-engine-v3  4362837464      38714.0        120342.0    LOSS             1.4                93                   1           14               0                  0           57                  20          -289             78309.0                    0.792                      4             24            398
scratch     kaggriculture-master-engine-v3  4362837465      63906.0        163937.0    LOSS             2.5               169                   2            8               0                  0           59                  22          -326            101703.0                    0.445                     18             23            407
scratch  kaggriculture-pipe16-idle-workers  4362837462      69680.0        178857.0    LOSS             2.0               135                   2           19               0                  0           47                  14          -334            109429.0                    0.383                      0             25            367
scratch  kaggriculture-pipe16-idle-workers  4362837463      38064.0        124158.0    LOSS             2.3               154                   1            4               0                  0           56                  20          -290             72445.0                    0.834                     24             24            426
scratch  kaggriculture-pipe16-idle-workers  4362837464      57326.0        149653.0    LOSS             1.6               105                   1           42               0                  0           65                  15          -278             95736.0                    0.306                      0             28            416
scratch  kaggriculture-pipe16-idle-workers  4362837465      63929.0        163978.0    LOSS             2.5               169                   2            8               0                  0           59                  22          -327            101679.0                    0.445                     18             23            407
scratch       kaggriculture-one-more-wheat  4362837462      52299.0        158586.0    LOSS             2.1               139                   1           51               0                  0           54                  20          -276             89840.0                    0.389                      7             25            433
scratch       kaggriculture-one-more-wheat  4362837463      38066.0        124188.0    LOSS             2.3               154                   1            4               0                  0           56                  20          -290             72429.0                    0.834                     24             24            426
scratch       kaggriculture-one-more-wheat  4362837464      34251.0        115351.0    LOSS             2.0               130                   1           28               1                  0           65                  24          -345             73749.0                    0.796                      0             34            388
scratch       kaggriculture-one-more-wheat  4362837465      40235.0        160083.0    LOSS             2.7               182                   1           74               1                  0           54                  17          -255             76590.0                    0.567                      3             31            398
scratch        kaggriculture-cloning-agent  4362837462      71042.0        169151.0    LOSS             2.0               135                   2           19               0                  0           47                  14          -333            110936.0                    0.383                      0             25            367
scratch        kaggriculture-cloning-agent  4362837463      26439.0        113485.0    LOSS             2.2               145                   1           56               0                  0           56                  23          -321             63261.0                     0.88                     21             26            400
scratch        kaggriculture-cloning-agent  4362837464      38609.0        134030.0    LOSS             1.2                81                   1           33               0                  0           58                  22          -298             78819.0                    0.813                      0             36            377
scratch        kaggriculture-cloning-agent  4362837465      41377.0        150345.0    LOSS             2.5               167                   2           23               0                  0           53                  22          -291             78502.0                    0.632                      1             29            394
