Saving replays to diag-replays/r10-b60  (workers=8)
  [#######---------------------]   1/4  25.0%  [##############--------------]   2/4  50.0%  [#####################-------]   3/4  75.0%  [############################]   4/4 100.0%  done.
  wrote days_seed4362837462.csv (120 rows)
  wrote days_seed4362837463.csv (120 rows)
  wrote days_seed4362837464.csv (120 rows)
  wrote days_seed4362837465.csv (120 rows)
  wrote games.csv (16 rows)

Per-game summary:
  agent                           opponent        seed  final_money  opponent_final  result  idle_share_pct  idle_units_total  shed_pressure_days  floor_sales  animal_escapes  at_risk_of_escape  plants_died  missed_harvest_eod  feed_surplus  sell_revenue_total  premium_below_base_frac  discarded_units_total  unfed_signals  unwatered_eod
-------  ---------------------------------  ----------  -----------  --------------  ------  --------------  ----------------  ------------------  -----------  --------------  -----------------  -----------  ------------------  ------------  ------------------  -----------------------  ---------------------  -------------  -------------
scratch        kaggriculture-cloning-agent  4362837462      81726.0        174573.0    LOSS             2.2               144                   3            3               0                  0           49                  16          -335            121055.0                    0.317                      0             25            370
scratch        kaggriculture-cloning-agent  4362837463       9551.0        117193.0    LOSS             2.6               174                  10           76               0                  0           60                  25          -325             50408.0                    0.938                    376             23            395
scratch        kaggriculture-cloning-agent  4362837464      38393.0        135184.0    LOSS             1.2                81                   6           52               1                  0           48                  14          -275             78127.0                    0.813                     19             33            376
scratch        kaggriculture-cloning-agent  4362837465      53632.0        150434.0    LOSS             2.6               176                   5            0               0                  0           51                  22          -328             91840.0                     0.57                     28             30            405
scratch     kaggriculture-master-engine-v3  4362837462      80451.0        183876.0    LOSS             2.2               144                   3            3               0                  0           49                  16          -335            119664.0                    0.322                      0             25            370
scratch     kaggriculture-master-engine-v3  4362837463      37727.0        121498.0    LOSS             2.8               185                   5            5               0                  0           55                  21          -287             72834.0                    0.858                     31             24            405
scratch     kaggriculture-master-engine-v3  4362837464      41782.0        120588.0    LOSS             1.5               102                   2            0               0                  0           64                  21          -298             81010.0                    0.768                      5             25            398
scratch     kaggriculture-master-engine-v3  4362837465      64419.0        163929.0    LOSS             3.0               202                   2           10               0                  0           58                  22          -316            102015.0                    0.445                     18             23            399
scratch       kaggriculture-one-more-wheat  4362837462      51897.0        153099.0    LOSS             2.4               158                   5            2               1                  0           60                  19          -310             89483.0                    0.553                     21             25            391
scratch       kaggriculture-one-more-wheat  4362837463      37731.0        121402.0    LOSS             2.8               185                   5            5               0                  0           55                  21          -288             72769.0                    0.858                     31             24            405
scratch       kaggriculture-one-more-wheat  4362837464      24072.0        119918.0    LOSS             2.5               168                  11            9               0                  0           56                  17          -338             66733.0                    0.834                    209             30            387
scratch       kaggriculture-one-more-wheat  4362837465      47080.0        167103.0    LOSS             3.7               246                   8           34               0                  0           57                  17          -282             84604.0                    0.552                     29             28            385
scratch  kaggriculture-pipe16-idle-workers  4362837462      80467.0        183914.0    LOSS             2.2               144                   3            3               0                  0           49                  16          -336            119635.0                    0.322                      0             25            370
scratch  kaggriculture-pipe16-idle-workers  4362837463      37730.0        121377.0    LOSS             2.8               185                   5            5               0                  0           55                  21          -288             72790.0                    0.858                     31             24            405
scratch  kaggriculture-pipe16-idle-workers  4362837464      54097.0        150063.0    LOSS             1.9               125                   3           43               0                  0           59                  14          -261             92099.0                     0.32                      9             29            400
scratch  kaggriculture-pipe16-idle-workers  4362837465      64442.0        163970.0    LOSS             3.0               202                   2           10               0                  0           58                  22          -317            101991.0                    0.445                     18             23            399
