Saving replays to diag-replays/r10-d120  (workers=8)
  [#######---------------------]   1/4  25.0%  [##############--------------]   2/4  50.0%  [#####################-------]   3/4  75.0%  [############################]   4/4 100.0%  done.
  wrote days_seed4362837462.csv (120 rows)
  wrote days_seed4362837463.csv (120 rows)
  wrote days_seed4362837464.csv (120 rows)
  wrote days_seed4362837465.csv (120 rows)
  wrote games.csv (16 rows)

Per-game summary:
  agent                           opponent        seed  final_money  opponent_final  result  idle_share_pct  idle_units_total  shed_pressure_days  floor_sales  animal_escapes  at_risk_of_escape  plants_died  missed_harvest_eod  feed_surplus  sell_revenue_total  premium_below_base_frac  discarded_units_total  unfed_signals  unwatered_eod
-------  ---------------------------------  ----------  -----------  --------------  ------  --------------  ----------------  ------------------  -----------  --------------  -----------------  -----------  ------------------  ------------  ------------------  -----------------------  ---------------------  -------------  -------------
scratch       kaggriculture-one-more-wheat  4362837462      45026.0        154896.0    LOSS             3.6               241                   1           50               0                  0           81                  25          -299             82244.0                    0.487                      7             24            474
scratch       kaggriculture-one-more-wheat  4362837463      30735.0        123127.0    LOSS             4.4               290                   1           12               0                  0           86                  32          -311             65100.0                    0.875                     24             23            480
scratch       kaggriculture-one-more-wheat  4362837464      25446.0        117543.0    LOSS             2.2               149                   1           47               1                  0           81                  33          -352             66223.0                    0.792                      0             34            462
scratch       kaggriculture-one-more-wheat  4362837465      38944.0        163451.0    LOSS             3.9               258                   1           60               1                  0           72                  20          -249             73948.0                    0.594                      3             30            467
scratch        kaggriculture-cloning-agent  4362837462      62998.0        166968.0    LOSS             3.4               229                   2           45               0                  0           84                  26          -342            101687.0                    0.386                      0             24            471
scratch        kaggriculture-cloning-agent  4362837463      20456.0        113591.0    LOSS             3.6               242                   1           47               1                  0           87                  30          -320             57148.0                    0.913                     21             25            472
scratch        kaggriculture-cloning-agent  4362837464      31243.0        143930.0    LOSS             2.6               172                   1           33               1                  0           97                  32          -323             71635.0                    0.821                      0             35            465
scratch        kaggriculture-cloning-agent  4362837465      36370.0        160091.0    LOSS             4.2               283                   2           32               1                  0           76                  28          -283             72291.0                    0.604                      1             25            464
scratch  kaggriculture-pipe16-idle-workers  4362837462      62052.0        177057.0    LOSS             3.4               229                   2           45               0                  0           84                  26          -342            100614.0                    0.386                      0             24            471
scratch  kaggriculture-pipe16-idle-workers  4362837463      30731.0        123100.0    LOSS             4.4               290                   1           12               0                  0           86                  32          -311             65116.0                    0.875                     24             23            480
scratch  kaggriculture-pipe16-idle-workers  4362837464      49052.0        150579.0    LOSS             3.3               223                   1           34               0                  0           84                  21          -274             86828.0                    0.312                      0             27            448
scratch  kaggriculture-pipe16-idle-workers  4362837465      58671.0        176814.0    LOSS             3.7               248                   2            0               0                  0           85                  29          -328             97582.0                    0.376                     18             22            466
scratch     kaggriculture-master-engine-v3  4362837462      62042.0        177025.0    LOSS             3.4               229                   2           45               0                  0           84                  26          -342            100646.0                    0.386                      0             24            471
scratch     kaggriculture-master-engine-v3  4362837463      30721.0        123065.0    LOSS             4.4               290                   1           12               0                  0           86                  32          -311             65151.0                    0.875                     24             23            480
scratch     kaggriculture-master-engine-v3  4362837464      37299.0        126201.0    LOSS             2.6               171                   1           41               0                  0           89                  25          -304             76702.0                    0.742                      4             24            495
scratch     kaggriculture-master-engine-v3  4362837465      58651.0        176774.0    LOSS             3.7               248                   2            0               0                  0           85                  29          -328             97607.0                    0.376                     18             22            466
