Saving replays to diag-replays/r10-d90  (workers=8)
  [#######---------------------]   1/4  25.0%  [##############--------------]   2/4  50.0%  [#####################-------]   3/4  75.0%  [############################]   4/4 100.0%  done.
  wrote days_seed4362837462.csv (120 rows)
  wrote days_seed4362837463.csv (120 rows)
  wrote days_seed4362837464.csv (120 rows)
  wrote days_seed4362837465.csv (120 rows)
  wrote games.csv (16 rows)

Per-game summary:
  agent                           opponent        seed  final_money  opponent_final  result  idle_share_pct  idle_units_total  shed_pressure_days  floor_sales  animal_escapes  at_risk_of_escape  plants_died  missed_harvest_eod  feed_surplus  sell_revenue_total  premium_below_base_frac  discarded_units_total  unfed_signals  unwatered_eod
-------  ---------------------------------  ----------  -----------  --------------  ------  --------------  ----------------  ------------------  -----------  --------------  -----------------  -----------  ------------------  ------------  ------------------  -----------------------  ---------------------  -------------  -------------
scratch        kaggriculture-cloning-agent  4362837462      67400.0        165554.0    LOSS             2.6               170                   2           48               0                  0           71                  21          -319            105587.0                    0.376                      0             24            456
scratch        kaggriculture-cloning-agent  4362837463      26493.0        116444.0    LOSS             2.6               176                   1           53               0                  0           67                  24          -307             62072.0                    0.877                     21             25            435
scratch        kaggriculture-cloning-agent  4362837464      33222.0        131118.0    LOSS             2.2               147                   1           28               1                  0           72                  20          -287             72007.0                     0.83                      0             36            442
scratch        kaggriculture-cloning-agent  4362837465      38962.0        157042.0    LOSS             3.2               217                   2           16               0                  0           79                  32          -271             74198.0                     0.61                      1             25            472
scratch       kaggriculture-one-more-wheat  4362837462      51685.0        161460.0    LOSS             2.9               193                   1           21               1                  0           77                  25          -271             86698.0                    0.397                      7             23            477
scratch       kaggriculture-one-more-wheat  4362837463      36302.0        122997.0    LOSS             3.1               209                   1           12               0                  0           65                  22          -293             70116.0                    0.832                     24             23            472
scratch       kaggriculture-one-more-wheat  4362837464      27572.0        114130.0    LOSS             2.2               147                   1           34               1                  0           82                  32          -354             68040.0                    0.817                      0             32            454
scratch       kaggriculture-one-more-wheat  4362837465      37711.0        161839.0    LOSS             3.4               224                   1           40               1                  0           64                  21          -234             72220.0                    0.599                      3             29            433
scratch     kaggriculture-master-engine-v3  4362837462      66163.0        175400.0    LOSS             2.6               170                   2           48               0                  0           71                  21          -319            104259.0                    0.376                      0             24            456
scratch     kaggriculture-master-engine-v3  4362837463      36292.0        122927.0    LOSS             3.1               209                   1           12               0                  0           65                  22          -292             70168.0                    0.832                     24             23            472
scratch     kaggriculture-master-engine-v3  4362837464      31013.0        114310.0    LOSS             1.9               126                   1           39               0                  0           74                  22          -298             69851.0                    0.798                      4             24            450
scratch     kaggriculture-master-engine-v3  4362837465      58884.0        170364.0    LOSS             3.4               223                   2            0               0                  0           71                  21          -323             96913.0                    0.456                     18             22            455
scratch  kaggriculture-pipe16-idle-workers  4362837462      66173.0        175435.0    LOSS             2.6               170                   2           48               0                  0           71                  21          -320            104226.0                    0.376                      0             24            456
scratch  kaggriculture-pipe16-idle-workers  4362837463      36299.0        122969.0    LOSS             3.1               209                   1           12               0                  0           65                  22          -293             70132.0                    0.832                     24             23            472
scratch  kaggriculture-pipe16-idle-workers  4362837464      53613.0        149489.0    LOSS             2.6               176                   1           37               0                  0           81                  25          -275             90700.0                    0.302                      0             27            478
scratch  kaggriculture-pipe16-idle-workers  4362837465      58912.0        170398.0    LOSS             3.4               223                   2            0               0                  0           71                  21          -324             96895.0                    0.456                     18             22            455
