Saving replays to diag-replays/r10-d60  (workers=8)
  [#######---------------------]   1/4  25.0%  [##############--------------]   2/4  50.0%  [#####################-------]   3/4  75.0%  [############################]   4/4 100.0%  done.
  wrote days_seed4362837462.csv (120 rows)
  wrote days_seed4362837463.csv (120 rows)
  wrote days_seed4362837464.csv (120 rows)
  wrote days_seed4362837465.csv (120 rows)
  wrote games.csv (16 rows)

Per-game summary:
  agent                           opponent        seed  final_money  opponent_final  result  idle_share_pct  idle_units_total  shed_pressure_days  floor_sales  animal_escapes  at_risk_of_escape  plants_died  missed_harvest_eod  feed_surplus  sell_revenue_total  premium_below_base_frac  discarded_units_total  unfed_signals  unwatered_eod
-------  ---------------------------------  ----------  -----------  --------------  ------  --------------  ----------------  ------------------  -----------  --------------  -----------------  -----------  ------------------  ------------  ------------------  -----------------------  ---------------------  -------------  -------------
scratch        kaggriculture-cloning-agent  4362837462      70708.0        165836.0    LOSS             2.3               156                   2           52               0                  0           56                  17          -328            108613.0                    0.373                      0             26            392
scratch        kaggriculture-cloning-agent  4362837463      27775.0        113408.0    LOSS             2.9               194                   1           56               0                  0           69                  23          -313             64098.0                    0.864                     21             26            413
scratch        kaggriculture-cloning-agent  4362837464      42242.0        138044.0    LOSS             1.3                89                   1           33               1                  0           62                  21          -295             81358.0                    0.729                      0             34            395
scratch        kaggriculture-cloning-agent  4362837465      43464.0        152771.0    LOSS             2.9               193                   2           21               0                  0           61                  30          -292             80436.0                    0.574                      1             26            424
scratch       kaggriculture-one-more-wheat  4362837462      50451.0        155361.0    LOSS             2.2               146                   1           51               2                  0           59                  25          -274             87600.0                    0.447                      7             30            437
scratch       kaggriculture-one-more-wheat  4362837463      39372.0        123964.0    LOSS             2.4               161                   1            4               0                  0           60                  22          -286             74046.0                    0.823                     24             24            433
scratch       kaggriculture-one-more-wheat  4362837464      30298.0        113104.0    LOSS             2.0               132                   1           56               0                  0           67                  26          -352             70059.0                    0.806                      0             32            411
scratch       kaggriculture-one-more-wheat  4362837465      41041.0        160026.0    LOSS             2.9               196                   1           75               0                  0           56                  23          -246             75603.0                    0.565                      3             31            421
scratch     kaggriculture-master-engine-v3  4362837462      69492.0        175650.0    LOSS             2.3               156                   2           52               0                  0           56                  17          -328            107295.0                    0.373                      0             26            392
scratch     kaggriculture-master-engine-v3  4362837463      39357.0        123893.0    LOSS             2.4               161                   1            4               0                  0           60                  22          -285             74097.0                    0.823                     24             24            433
scratch     kaggriculture-master-engine-v3  4362837464      35819.0        117931.0    LOSS             1.6               106                   1           18               0                  0           65                  22          -279             74601.0                     0.81                      4             24            408
scratch     kaggriculture-master-engine-v3  4362837465      66270.0        175240.0    LOSS             2.7               176                   2            0               0                  0           63                  19          -314            103621.0                    0.349                     18             22            418
scratch  kaggriculture-pipe16-idle-workers  4362837462      69503.0        175695.0    LOSS             2.3               156                   2           52               0                  0           56                  17          -329            107265.0                    0.373                      0             26            392
scratch  kaggriculture-pipe16-idle-workers  4362837463      39368.0        123935.0    LOSS             2.4               161                   1            4               0                  0           60                  22          -286             74062.0                    0.823                     24             24            433
scratch  kaggriculture-pipe16-idle-workers  4362837464      58026.0        150276.0    LOSS             2.1               137                   1           41               0                  0           67                  16          -264             95802.0                     0.31                      0             29            441
scratch  kaggriculture-pipe16-idle-workers  4362837465      66290.0        175275.0    LOSS             2.7               176                   2            0               0                  0           63                  19          -315            103597.0                    0.349                     18             22            418
