Saving replays to diag-replays/r10-e24  (workers=8)
  [#######---------------------]   1/4  25.0%  [##############--------------]   2/4  50.0%  [#####################-------]   3/4  75.0%  [############################]   4/4 100.0%  done.
  wrote days_seed4362837462.csv (120 rows)
  wrote days_seed4362837463.csv (120 rows)
  wrote days_seed4362837464.csv (120 rows)
  wrote days_seed4362837465.csv (120 rows)
  wrote games.csv (16 rows)

Per-game summary:
  agent                           opponent        seed  final_money  opponent_final  result  idle_share_pct  idle_units_total  shed_pressure_days  floor_sales  animal_escapes  at_risk_of_escape  plants_died  missed_harvest_eod  feed_surplus  sell_revenue_total  premium_below_base_frac  discarded_units_total  unfed_signals  unwatered_eod
-------  ---------------------------------  ----------  -----------  --------------  ------  --------------  ----------------  ------------------  -----------  --------------  -----------------  -----------  ------------------  ------------  ------------------  -----------------------  ---------------------  -------------  -------------
scratch        kaggriculture-cloning-agent  4362837462      72306.0        168989.0    LOSS             1.9               129                   2           19               0                  0           49                  13          -337            111491.0                    0.377                      0             24            379
scratch        kaggriculture-cloning-agent  4362837463      27458.0        113764.0    LOSS             2.2               148                   1           55               0                  0           58                  23          -325             64543.0                    0.869                     21             26            399
scratch        kaggriculture-cloning-agent  4362837464      39108.0        133900.0    LOSS             1.1                76                   1           31               1                  0           58                  21          -292             78432.0                    0.807                      0             36            387
scratch        kaggriculture-cloning-agent  4362837465      42110.0        150537.0    LOSS             2.5               169                   2           23               0                  0           51                  22          -288             79089.0                    0.624                      1             29            398
scratch     kaggriculture-master-engine-v3  4362837462      70881.0        178608.0    LOSS             1.9               129                   2           19               0                  0           49                  13          -337            109971.0                    0.377                      0             24            379
scratch     kaggriculture-master-engine-v3  4362837463      38197.0        123953.0    LOSS             2.4               158                   1            4               0                  0           54                  19          -288             72739.0                    0.834                     24             24            416
scratch     kaggriculture-master-engine-v3  4362837464      38704.0        120342.0    LOSS             1.4                93                   1           14               0                  0           57                  20          -290             78309.0                    0.792                      4             24            398
scratch     kaggriculture-master-engine-v3  4362837465      62869.0        164083.0    LOSS             2.3               153                   2            5               0                  0           58                  23          -324            100148.0                    0.452                     18             22            412
scratch  kaggriculture-pipe16-idle-workers  4362837462      70898.0        178652.0    LOSS             1.9               129                   2           19               0                  0           49                  13          -338            109943.0                    0.377                      0             24            379
scratch  kaggriculture-pipe16-idle-workers  4362837463      38206.0        124000.0    LOSS             2.4               158                   1            4               0                  0           54                  19          -289             72705.0                    0.834                     24             24            416
scratch  kaggriculture-pipe16-idle-workers  4362837464      56860.0        150340.0    LOSS             1.7               113                   1           40               0                  0           62                  17          -278             95068.0                    0.308                      0             28            420
scratch  kaggriculture-pipe16-idle-workers  4362837465      62889.0        164124.0    LOSS             2.3               153                   2            5               0                  0           58                  23          -325            100123.0                    0.452                     18             22            412
scratch       kaggriculture-one-more-wheat  4362837462      52119.0        158586.0    LOSS             2.1               139                   1           51               0                  0           54                  20          -279             89840.0                    0.389                      7             25            433
scratch       kaggriculture-one-more-wheat  4362837463      38208.0        124031.0    LOSS             2.4               158                   1            4               0                  0           54                  19          -289             72689.0                    0.834                     24             24            416
scratch       kaggriculture-one-more-wheat  4362837464      33799.0        115352.0    LOSS             2.0               135                   1           28               1                  0           65                  23          -346             73587.0                    0.801                      0             34            389
scratch       kaggriculture-one-more-wheat  4362837465      40119.0        160083.0    LOSS             3.0               203                   1           76               1                  0           54                  17          -256             76484.0                    0.567                      3             31            400
