Saving replays to diag-replays/r11-wfh  (workers=8)
  [#######---------------------]   1/4  25.0%  [##############--------------]   2/4  50.0%  [#####################-------]   3/4  75.0%  [############################]   4/4 100.0%  done.
  wrote days_seed4362837462.csv (120 rows)
  wrote days_seed4362837463.csv (120 rows)
  wrote days_seed4362837464.csv (120 rows)
  wrote days_seed4362837465.csv (120 rows)
  wrote games.csv (16 rows)

Per-game summary:
  agent                           opponent        seed  final_money  opponent_final  result  idle_share_pct  idle_units_total  shed_pressure_days  floor_sales  animal_escapes  at_risk_of_escape  plants_died  missed_harvest_eod  feed_surplus  sell_revenue_total  premium_below_base_frac  discarded_units_total  unfed_signals  unwatered_eod
-------  ---------------------------------  ----------  -----------  --------------  ------  --------------  ----------------  ------------------  -----------  --------------  -----------------  -----------  ------------------  ------------  ------------------  -----------------------  ---------------------  -------------  -------------
scratch        kaggriculture-cloning-agent  4362837462      73506.0        164977.0    LOSS             2.5               163                   2           47               1                  0           49                  12          -325            112375.0                    0.352                      0             24            371
scratch        kaggriculture-cloning-agent  4362837463      28613.0        113635.0    LOSS             2.5               163                   1           56               0                  0           55                  18          -312             65662.0                    0.858                     21             26            389
scratch        kaggriculture-cloning-agent  4362837464      41460.0        133061.0    LOSS             1.4                92                   2           33               1                  0           54                  14          -290             80371.0                    0.787                      0             36            358
scratch        kaggriculture-cloning-agent  4362837465      42407.0        156474.0    LOSS             2.7               180                   2           24               0                  0           53                  18          -275             79413.0                    0.615                      1             24            408
scratch     kaggriculture-master-engine-v3  4362837462      72376.0        174792.0    LOSS             2.5               163                   2           47               1                  0           49                  12          -325            111124.0                    0.352                      0             24            371
scratch     kaggriculture-master-engine-v3  4362837463      39601.0        122738.0    LOSS             2.4               157                   1            6               0                  0           50                  17          -287             74496.0                    0.827                     24             24            427
scratch     kaggriculture-master-engine-v3  4362837464      39568.0        120743.0    LOSS             1.7               116                   1           14               0                  0           60                  16          -294             78594.0                    0.788                      4             24            386
scratch     kaggriculture-master-engine-v3  4362837465      62827.0        164189.0    LOSS             2.4               162                   2            6               0                  0           59                  15          -317            100857.0                    0.454                     18             22            389
scratch       kaggriculture-one-more-wheat  4362837462      56515.0        161673.0    LOSS             2.2               144                   1           19               1                  0           53                  13          -258             92567.0                    0.388                      7             27            395
scratch       kaggriculture-one-more-wheat  4362837463      39623.0        122814.0    LOSS             2.4               157                   1            6               0                  0           50                  17          -288             74448.0                    0.827                     24             24            427
scratch       kaggriculture-one-more-wheat  4362837464      31625.0        113046.0    LOSS             2.0               130                   2           38               0                  0           60                  19          -338             71574.0                    0.813                      0             35            384
scratch       kaggriculture-one-more-wheat  4362837465      39729.0        162102.0    LOSS             3.4               228                   1           76               1                  0           48                   9          -208             73356.0                    0.596                      3             29            388
scratch  kaggriculture-pipe16-idle-workers  4362837462      72388.0        174836.0    LOSS             2.5               163                   2           47               1                  0           49                  12          -326            111093.0                    0.352                      0             24            371
scratch  kaggriculture-pipe16-idle-workers  4362837463      39616.0        122783.0    LOSS             2.4               157                   1            6               0                  0           50                  17          -288             74463.0                    0.827                     24             24            427
scratch  kaggriculture-pipe16-idle-workers  4362837464      59710.0        149128.0    LOSS             1.7               115                   1           41               0                  0           60                  15          -266             98334.0                    0.289                      0             28            398
scratch  kaggriculture-pipe16-idle-workers  4362837465      62840.0        164224.0    LOSS             2.4               162                   2            6               0                  0           59                  15          -318            100827.0                    0.454                     18             22            389
