Saving replays to diag-replays/r11-wf  (workers=8)
  [#######---------------------]   1/4  25.0%  [##############--------------]   2/4  50.0%  [#####################-------]   3/4  75.0%  [############################]   4/4 100.0%  done.
  wrote days_seed4362837462.csv (120 rows)
  wrote days_seed4362837463.csv (120 rows)
  wrote days_seed4362837464.csv (120 rows)
  wrote days_seed4362837465.csv (120 rows)
  wrote games.csv (16 rows)

Per-game summary:
  agent                           opponent        seed  final_money  opponent_final  result  idle_share_pct  idle_units_total  shed_pressure_days  floor_sales  animal_escapes  at_risk_of_escape  plants_died  missed_harvest_eod  feed_surplus  sell_revenue_total  premium_below_base_frac  discarded_units_total  unfed_signals  unwatered_eod
-------  ---------------------------------  ----------  -----------  --------------  ------  --------------  ----------------  ------------------  -----------  --------------  -----------------  -----------  ------------------  ------------  ------------------  -----------------------  ---------------------  -------------  -------------
scratch        kaggriculture-cloning-agent  4362837462      70528.0        169511.0    LOSS             2.5               163                   2           17               0                  0           49                  13          -327            109661.0                    0.379                      0             24            350
scratch        kaggriculture-cloning-agent  4362837463      25642.0        113744.0    LOSS             2.6               172                   1           53               0                  0           62                  23          -327             62797.0                     0.88                     21             26            379
scratch        kaggriculture-cloning-agent  4362837464      32106.0        127378.0    LOSS             1.6               104                   1           38               1                  0           57                  23          -282             70683.0                    0.823                      0             36            368
scratch        kaggriculture-cloning-agent  4362837465      39910.0        157050.0    LOSS             2.7               183                   2           19               0                  0           57                  26          -310             77254.0                    0.681                      1             25            383
scratch  kaggriculture-pipe16-idle-workers  4362837462      68985.0        179289.0    LOSS             2.5               163                   2           17               0                  0           49                  13          -328            107987.0                    0.379                      0             24            350
scratch  kaggriculture-pipe16-idle-workers  4362837463      34036.0        124626.0    LOSS             2.8               188                   1            4               0                  0           64                  23          -304             69085.0                     0.88                     24             24            401
scratch  kaggriculture-pipe16-idle-workers  4362837464      53545.0        150738.0    LOSS             1.9               127                   1           41               1                  0           67                  19          -278             91129.0                    0.322                      0             28            416
scratch  kaggriculture-pipe16-idle-workers  4362837465      57589.0        165440.0    LOSS             2.6               175                   2            3               0                  0           62                  21          -328             96327.0                    0.487                     18             22            385
scratch     kaggriculture-master-engine-v3  4362837462      68965.0        179249.0    LOSS             2.5               163                   2           17               0                  0           49                  13          -327            108014.0                    0.379                      0             24            350
scratch     kaggriculture-master-engine-v3  4362837463      34110.0        124839.0    LOSS             2.8               188                   1            4               0                  0           64                  23          -303             69196.0                     0.88                     24             24            401
scratch     kaggriculture-master-engine-v3  4362837464      34241.0        121733.0    LOSS             1.4                95                   1           14               0                  0           68                  29          -302             73745.0                     0.85                      4             24            389
scratch     kaggriculture-master-engine-v3  4362837465      57566.0        165403.0    LOSS             2.6               175                   2            3               0                  0           62                  21          -327             96352.0                    0.487                     18             22            385
scratch       kaggriculture-one-more-wheat  4362837462      51761.0        163787.0    LOSS             2.2               147                   1           22               1                  0           58                  20          -260             87014.0                    0.416                      7             25            398
scratch       kaggriculture-one-more-wheat  4362837463      34041.0        124652.0    LOSS             2.8               188                   1            4               0                  0           64                  23          -304             69067.0                     0.88                     24             24            401
scratch       kaggriculture-one-more-wheat  4362837464      30138.0        112320.0    LOSS             2.0               130                   1           45               0                  0           62                  27          -353             70099.0                    0.805                      0             33            364
scratch       kaggriculture-one-more-wheat  4362837465      38604.0        161420.0    LOSS             3.0               197                   1           81               1                  0           59                  20          -259             74121.0                    0.592                      3             33            382
