Saving replays to diag-replays/r11-hc  (workers=8)
  [#######---------------------]   1/4  25.0%  [##############--------------]   2/4  50.0%  [#####################-------]   3/4  75.0%  [############################]   4/4 100.0%  done.
  wrote days_seed4362837462.csv (120 rows)
  wrote days_seed4362837463.csv (120 rows)
  wrote days_seed4362837464.csv (120 rows)
  wrote days_seed4362837465.csv (120 rows)
  wrote games.csv (16 rows)

Per-game summary:
  agent                           opponent        seed  final_money  opponent_final  result  idle_share_pct  idle_units_total  shed_pressure_days  floor_sales  animal_escapes  at_risk_of_escape  plants_died  missed_harvest_eod  feed_surplus  sell_revenue_total  premium_below_base_frac  discarded_units_total  unfed_signals  unwatered_eod
-------  ---------------------------------  ----------  -----------  --------------  ------  --------------  ----------------  ------------------  -----------  --------------  -----------------  -----------  ------------------  ------------  ------------------  -----------------------  ---------------------  -------------  -------------
scratch       kaggriculture-one-more-wheat  4362837462      55855.0        162171.0    LOSS             2.3               151                   1           23               1                  0           52                  13          -265             92204.0                    0.388                      7             25            390
scratch       kaggriculture-one-more-wheat  4362837463      39020.0        122435.0    LOSS             2.5               163                   1            6               0                  0           55                  17          -291             73720.0                    0.838                     24             24            425
scratch       kaggriculture-one-more-wheat  4362837464      31750.0        113053.0    LOSS             2.0               130                   2           38               0                  0           60                  19          -338             71656.0                    0.813                      0             35            384
scratch       kaggriculture-one-more-wheat  4362837465      38893.0        161895.0    LOSS             3.3               221                   1           83               1                  0           50                   8          -228             72929.0                    0.598                      3             31            390
scratch        kaggriculture-cloning-agent  4362837462      72870.0        165004.0    LOSS             2.5               164                   2           47               1                  0           49                  12          -332            111829.0                    0.354                      0             24            374
scratch        kaggriculture-cloning-agent  4362837463      28946.0        113661.0    LOSS             2.4               157                   1           57               0                  0           53                  19          -300             64488.0                    0.859                     21             26            400
scratch        kaggriculture-cloning-agent  4362837464      41860.0        132901.0    LOSS             1.4                92                   2           33               1                  0           54                  14          -290             80771.0                    0.782                      0             36            359
scratch        kaggriculture-cloning-agent  4362837465      42407.0        156474.0    LOSS             2.7               180                   2           24               0                  0           53                  18          -275             79413.0                    0.615                      1             24            407
scratch  kaggriculture-pipe16-idle-workers  4362837462      71744.0        174830.0    LOSS             2.5               164                   2           47               1                  0           49                  12          -333            110538.0                    0.354                      0             24            374
scratch  kaggriculture-pipe16-idle-workers  4362837463      39017.0        122404.0    LOSS             2.5               163                   1            6               0                  0           55                  17          -291             73736.0                    0.838                     24             24            425
scratch  kaggriculture-pipe16-idle-workers  4362837464      59411.0        149269.0    LOSS             1.8               117                   1           41               0                  0           59                  14          -263             97726.0                    0.293                      0             28            396
scratch  kaggriculture-pipe16-idle-workers  4362837465      62857.0        164419.0    LOSS             3.0               200                   2            4               0                  0           61                  17          -316            100602.0                    0.454                     18             22            389
scratch     kaggriculture-master-engine-v3  4362837462      71734.0        174786.0    LOSS             2.5               164                   2           47               1                  0           49                  12          -332            110571.0                    0.354                      0             24            374
scratch     kaggriculture-master-engine-v3  4362837463      39004.0        122357.0    LOSS             2.5               163                   1            6               0                  0           55                  17          -290             73769.0                    0.838                     24             24            425
scratch     kaggriculture-master-engine-v3  4362837464      39568.0        120743.0    LOSS             1.7               116                   1           14               0                  0           60                  16          -294             78594.0                    0.788                      4             24            386
scratch     kaggriculture-master-engine-v3  4362837465      62846.0        164381.0    LOSS             3.0               200                   2            4               0                  0           61                  17          -315            100631.0                    0.454                     18             22            389
