Saving replays to diag-replays/r12-h14  (workers=8)
  [#######---------------------]   1/4  25.0%  [##############--------------]   2/4  50.0%  [#####################-------]   3/4  75.0%  [############################]   4/4 100.0%  done.
  wrote days_seed4362837462.csv (120 rows)
  wrote days_seed4362837463.csv (120 rows)
  wrote days_seed4362837464.csv (120 rows)
  wrote days_seed4362837465.csv (120 rows)
  wrote games.csv (16 rows)

Per-game summary:
  agent                           opponent        seed  final_money  opponent_final  result  idle_share_pct  idle_units_total  shed_pressure_days  floor_sales  animal_escapes  at_risk_of_escape  plants_died  missed_harvest_eod  feed_surplus  sell_revenue_total  premium_below_base_frac  discarded_units_total  unfed_signals  unwatered_eod
-------  ---------------------------------  ----------  -----------  --------------  ------  --------------  ----------------  ------------------  -----------  --------------  -----------------  -----------  ------------------  ------------  ------------------  -----------------------  ---------------------  -------------  -------------
scratch        kaggriculture-cloning-agent  4362837462      67858.0        164655.0    LOSS             2.5               166                   2           21               0                  0           51                  19          -297            105121.0                    0.362                      0             26            393
scratch        kaggriculture-cloning-agent  4362837463      37096.0        118238.0    LOSS             2.5               168                   1           53               0                  0           56                  18          -284             71398.0                    0.866                     22             23            404
scratch        kaggriculture-cloning-agent  4362837464      42137.0        133771.0    LOSS             1.7               114                   2           32               1                  0           56                  16          -257             80344.0                    0.823                      0             29            386
scratch        kaggriculture-cloning-agent  4362837465      42623.0        150576.0    LOSS             2.4               159                   1           19               1                  0           61                  21          -334             82498.0                    0.526                     17             30            380
scratch       kaggriculture-one-more-wheat  4362837462      59183.0        170718.0    LOSS             2.3               152                   3           22               1                  0           58                  19          -261             94910.0                    0.399                      8             26            401
scratch       kaggriculture-one-more-wheat  4362837463      38303.0        119054.0    LOSS             2.4               162                   1           54               0                  0           60                  18          -324             75266.0                    0.849                     26             22            393
scratch       kaggriculture-one-more-wheat  4362837464      27241.0         93970.0    LOSS             2.9               190                   2           76               0                  0           57                  15          -272             63704.0                    0.917                     13             24            410
scratch       kaggriculture-one-more-wheat  4362837465      43960.0        162673.0    LOSS             2.9               193                   1           45               0                  0           59                  20          -271             81122.0                    0.533                      6             27            392
scratch     kaggriculture-master-engine-v3  4362837462      66331.0        172291.0    LOSS             2.5               166                   2           20               0                  0           51                  19          -297            103503.0                    0.362                      0             26            393
scratch     kaggriculture-master-engine-v3  4362837463      38291.0        118988.0    LOSS             2.4               162                   1           54               0                  0           60                  18          -323             75325.0                    0.849                     26             22            393
scratch     kaggriculture-master-engine-v3  4362837464      41761.0        125534.0    LOSS             1.8               118                   2           14               0                  0           59                  17          -307             81811.0                     0.76                      4             26            411
scratch     kaggriculture-master-engine-v3  4362837465      56138.0        175102.0    LOSS             2.8               189                   2            1               0                  0           63                  20          -329             94592.0                    0.595                      9             22            391
scratch  kaggriculture-pipe16-idle-workers  4362837462      66347.0        172326.0    LOSS             2.5               166                   2           20               0                  0           51                  19          -298            103477.0                    0.362                      0             26            393
scratch  kaggriculture-pipe16-idle-workers  4362837463      38302.0        119025.0    LOSS             2.4               162                   1           54               0                  0           60                  18          -324             75286.0                    0.849                     26             22            393
scratch  kaggriculture-pipe16-idle-workers  4362837464      67053.0        161653.0    LOSS             1.9               128                   2           41               0                  0           60                  19          -289            105146.0                     0.34                      0             25            408
scratch  kaggriculture-pipe16-idle-workers  4362837465      56150.0        175140.0    LOSS             2.8               189                   2            1               0                  0           63                  20          -330             94556.0                    0.595                      9             22            391
