Saving replays to diag-replays/r13-h6  (workers=8)
  [#######---------------------]   1/4  25.0%  [##############--------------]   2/4  50.0%  [#####################-------]   3/4  75.0%  [############################]   4/4 100.0%  done.
  wrote days_seed4362837462.csv (120 rows)
  wrote days_seed4362837463.csv (120 rows)
  wrote days_seed4362837464.csv (120 rows)
  wrote days_seed4362837465.csv (120 rows)
  wrote games.csv (16 rows)

Per-game summary:
  agent                           opponent        seed  final_money  opponent_final  result  idle_share_pct  idle_units_total  shed_pressure_days  floor_sales  animal_escapes  at_risk_of_escape  plants_died  missed_harvest_eod  feed_surplus  sell_revenue_total  premium_below_base_frac  discarded_units_total  unfed_signals  unwatered_eod
-------  ---------------------------------  ----------  -----------  --------------  ------  --------------  ----------------  ------------------  -----------  --------------  -----------------  -----------  ------------------  ------------  ------------------  -----------------------  ---------------------  -------------  -------------
scratch       kaggriculture-one-more-wheat  4362837462      61405.0        160840.0    LOSS             3.1               226                   1           22               0                  0           56                  16          -242            101076.0                     0.38                      7             27            416
scratch       kaggriculture-one-more-wheat  4362837463      43853.0        122239.0    LOSS             3.3               239                   2            4               0                  0           56                  21          -272             81868.0                    0.811                     33             24            435
scratch       kaggriculture-one-more-wheat  4362837464      32714.0        110172.0    LOSS             2.9               213                   2           66               1                  0           58                  23          -314             75354.0                    0.808                     12             32            398
scratch       kaggriculture-one-more-wheat  4362837465      48323.0        160043.0    LOSS             3.7               274                   2           56               1                  0           50                  14          -204             86019.0                     0.54                      4             28            417
scratch        kaggriculture-cloning-agent  4362837462      81530.0        167895.0    LOSS             2.9               209                   4           23               0                  0           52                  16          -290            122877.0                    0.355                      0             24            399
scratch        kaggriculture-cloning-agent  4362837463      34492.0        112785.0    LOSS             3.5               256                   3           62               0                  0           51                  18          -285             73589.0                    0.822                     45             25            421
scratch        kaggriculture-cloning-agent  4362837464      44875.0        132237.0    LOSS             2.2               159                   1           37               0                  0           54                  16          -257             86576.0                    0.786                      0             32            402
scratch        kaggriculture-cloning-agent  4362837465      49157.0        154683.0    LOSS             4.4               322                   4           51               0                  0           48                  20          -255             88384.0                    0.536                     19             26            400
scratch  kaggriculture-pipe16-idle-workers  4362837462      80185.0        177505.0    LOSS             2.9               209                   4           23               0                  0           52                  16          -291            121375.0                    0.355                      0             24            399
scratch  kaggriculture-pipe16-idle-workers  4362837463      43853.0        122211.0    LOSS             3.3               239                   2            4               0                  0           56                  21          -272             81890.0                    0.811                     33             24            435
scratch  kaggriculture-pipe16-idle-workers  4362837464      69296.0        154716.0    LOSS             2.7               201                   2           15               0                  0           61                  20          -251            110310.0                     0.28                      0             28            447
scratch  kaggriculture-pipe16-idle-workers  4362837465      74238.0        173504.0    LOSS             3.7               268                   3            6               0                  0           60                  20          -309            114860.0                    0.334                     18             22            439
scratch     kaggriculture-master-engine-v3  4362837462      80181.0        177469.0    LOSS             2.9               209                   4           23               0                  0           52                  16          -290            121415.0                    0.355                      0             24            399
scratch     kaggriculture-master-engine-v3  4362837463      43850.0        122169.0    LOSS             3.3               239                   2            4               0                  0           56                  21          -271             81933.0                    0.811                     33             24            435
scratch     kaggriculture-master-engine-v3  4362837464      39288.0        114732.0    LOSS             2.4               174                   1           51               0                  0           60                  19          -252             81173.0                    0.779                      4             24            403
scratch     kaggriculture-master-engine-v3  4362837465      74205.0        173463.0    LOSS             3.7               268                   3            6               0                  0           60                  20          -308            114887.0                    0.334                     18             22            439
