Saving replays to diag-replays/r13-h6f  (workers=8)
  [#######---------------------]   1/4  25.0%  [##############--------------]   2/4  50.0%  [#####################-------]   3/4  75.0%  [############################]   4/4 100.0%  done.
  wrote days_seed4362837462.csv (120 rows)
  wrote days_seed4362837463.csv (120 rows)
  wrote days_seed4362837464.csv (120 rows)
  wrote days_seed4362837465.csv (120 rows)
  wrote games.csv (16 rows)

Per-game summary:
  agent                           opponent        seed  final_money  opponent_final  result  idle_share_pct  idle_units_total  shed_pressure_days  floor_sales  animal_escapes  at_risk_of_escape  plants_died  missed_harvest_eod  feed_surplus  sell_revenue_total  premium_below_base_frac  discarded_units_total  unfed_signals  unwatered_eod
-------  ---------------------------------  ----------  -----------  --------------  ------  --------------  ----------------  ------------------  -----------  --------------  -----------------  -----------  ------------------  ------------  ------------------  -----------------------  ---------------------  -------------  -------------
scratch        kaggriculture-cloning-agent  4362837462      82659.0        168648.0    LOSS             3.3               239                   4           21               0                  0           49                  11          -300            124204.0                    0.347                      3             24            395
scratch        kaggriculture-cloning-agent  4362837463      36430.0        112934.0    LOSS             3.7               272                   5           65               0                  0           50                  18          -284             74658.0                    0.805                     48             26            422
scratch        kaggriculture-cloning-agent  4362837464      47705.0        137241.0    LOSS             2.5               185                   2           38               0                  0           56                  20          -269             89189.0                    0.681                     26             31            407
scratch        kaggriculture-cloning-agent  4362837465      47781.0        151650.0    LOSS             4.5               328                   5           51               0                  0           44                  15          -237             86254.0                    0.553                     16             27            388
scratch     kaggriculture-master-engine-v3  4362837462      81264.0        178254.0    LOSS             3.3               239                   4           20               0                  0           49                  11          -300            122684.0                    0.347                      3             24            395
scratch     kaggriculture-master-engine-v3  4362837463      47934.0        121338.0    LOSS             4.2               309                   2            4               0                  0           55                  21          -270             85220.0                    0.774                     33             24            431
scratch     kaggriculture-master-engine-v3  4362837464      44498.0        119469.0    LOSS             2.3               170                   1           18               0                  0           57                  16          -245             86502.0                    0.759                      4             24            423
scratch     kaggriculture-master-engine-v3  4362837465      73460.0        161149.0    LOSS             3.6               265                   4            8               0                  0           50                  14          -283            113558.0                    0.453                     25             22            450
scratch       kaggriculture-one-more-wheat  4362837462      58171.0        161135.0    LOSS             3.4               246                   1           21               1                  0           53                  14          -234             97365.0                    0.402                      7             27            403
scratch       kaggriculture-one-more-wheat  4362837463      47940.0        121408.0    LOSS             4.2               309                   2            4               0                  0           55                  21          -271             85160.0                    0.774                     33             24            431
scratch       kaggriculture-one-more-wheat  4362837464      39083.0        113974.0    LOSS             2.8               204                   3           30               0                  0           57                  22          -296             81061.0                    0.814                      4             31            406
scratch       kaggriculture-one-more-wheat  4362837465      47763.0        160194.0    LOSS             3.7               272                   2           69               0                  0           48                  13          -198             85115.0                     0.55                      4             31            408
scratch  kaggriculture-pipe16-idle-workers  4362837462      81276.0        178291.0    LOSS             3.3               239                   4           20               0                  0           49                  11          -301            122649.0                    0.347                      3             24            395
scratch  kaggriculture-pipe16-idle-workers  4362837463      47939.0        121380.0    LOSS             4.2               309                   2            4               0                  0           55                  21          -271             85179.0                    0.774                     33             24            431
scratch  kaggriculture-pipe16-idle-workers  4362837464      68994.0        148720.0    LOSS             2.5               184                   2           43               0                  0           61                  15          -239            110544.0                    0.282                      0             28            454
scratch  kaggriculture-pipe16-idle-workers  4362837465      73480.0        161190.0    LOSS             3.6               265                   4            8               0                  0           50                  14          -284            113533.0                    0.453                     25             22            450
