Saving replays to diag-replays/r2-g1  (workers=8)
  [#######---------------------]   1/4  25.0%  [##############--------------]   2/4  50.0%  [#####################-------]   3/4  75.0%  [############################]   4/4 100.0%  done.
  wrote days_seed4362837462.csv (120 rows)
  wrote days_seed4362837463.csv (120 rows)
  wrote days_seed4362837464.csv (120 rows)
  wrote days_seed4362837465.csv (120 rows)
  wrote games.csv (16 rows)

Per-game summary:
  agent                           opponent        seed  final_money  opponent_final  result  idle_share_pct  idle_units_total  shed_pressure_days  floor_sales  animal_escapes  at_risk_of_escape  plants_died  missed_harvest_eod  feed_surplus  sell_revenue_total  premium_below_base_frac  discarded_units_total  unfed_signals  unwatered_eod
-------  ---------------------------------  ----------  -----------  --------------  ------  --------------  ----------------  ------------------  -----------  --------------  -----------------  -----------  ------------------  ------------  ------------------  -----------------------  ---------------------  -------------  -------------
scratch        kaggriculture-cloning-agent  4362837462      59334.0        162720.0    LOSS             2.3               154                   2           20               1                  0           60                  29          -336             98971.0                    0.337                      0             33            357
scratch        kaggriculture-cloning-agent  4362837463      26305.0        109072.0    LOSS             2.3               151                   2           46               0                  0           54                  29          -370             67016.0                    0.908                      2             30            355
scratch        kaggriculture-cloning-agent  4362837464      22254.0        117582.0    LOSS             2.2               149                   1           72               0                  0           57                  27          -326             61148.0                    0.902                     31             25            387
scratch        kaggriculture-cloning-agent  4362837465      47761.0        151003.0    LOSS             2.5               165                   2           59               1                  0           60                  25          -351             88738.0                    0.531                     14             35            403
scratch       kaggriculture-one-more-wheat  4362837462      35993.0        128671.0    LOSS             1.9               129                   2           60               1                  0           50                  25          -327             74960.0                    0.688                     13             40            338
scratch       kaggriculture-one-more-wheat  4362837463      33456.0        109496.0    LOSS             2.3               155                   0           56               0                  0           58                  25          -323             69029.0                    0.838                      0             21            387
scratch       kaggriculture-one-more-wheat  4362837464      42309.0        130052.0    LOSS             2.2               147                   1           15               1                  0           59                  21          -357             81893.0                    0.887                     13             26            389
scratch       kaggriculture-one-more-wheat  4362837465      46073.0        164963.0    LOSS             3.0               201                   1           53               0                  0           60                  26          -340             83676.0                    0.573                      6             22            422
scratch  kaggriculture-pipe16-idle-workers  4362837462      57734.0        171539.0    LOSS             2.0               130                   1           23               1                  0           53                  25          -338             98941.0                    0.327                      0             33            347
scratch  kaggriculture-pipe16-idle-workers  4362837463      33451.0        109468.0    LOSS             2.3               155                   0           56               0                  0           58                  25          -323             69050.0                    0.838                      0             21            387
scratch  kaggriculture-pipe16-idle-workers  4362837464      42299.0        130030.0    LOSS             2.2               147                   1           15               1                  0           59                  21          -357             81903.0                    0.887                     13             26            389
scratch  kaggriculture-pipe16-idle-workers  4362837465      46687.0        171435.0    LOSS             2.9               194                   2           37               0                  0           59                  24          -327             83594.0                    0.595                      1             24            410
scratch     kaggriculture-master-engine-v3  4362837462      50705.0        146689.0    LOSS             2.4               159                   1           52               1                  0           53                  15          -325             91027.0                    0.556                      0             33            385
scratch     kaggriculture-master-engine-v3  4362837463      33439.0        109422.0    LOSS             2.3               155                   0           56               0                  0           58                  25          -323             69082.0                    0.838                      0             21            387
scratch     kaggriculture-master-engine-v3  4362837464      20450.0         94829.0    LOSS             2.2               143                   2          111               0                  0           64                  23          -351             60716.0                    0.928                      0             28            383
scratch     kaggriculture-master-engine-v3  4362837465      45093.0        161036.0    LOSS             2.2               148                   2           95               1                  0           58                  21          -333             84391.0                    0.491                      2             25            407
