Saving replays to diag-replays/r5-g1  (workers=8)
  [#######---------------------]   1/4  25.0%  [##############--------------]   2/4  50.0%  [#####################-------]   3/4  75.0%  [############################]   4/4 100.0%  done.
  wrote days_seed4362837462.csv (120 rows)
  wrote days_seed4362837463.csv (120 rows)
  wrote days_seed4362837464.csv (120 rows)
  wrote days_seed4362837465.csv (120 rows)
  wrote games.csv (16 rows)

Per-game summary:
  agent                           opponent        seed  final_money  opponent_final  result  idle_share_pct  idle_units_total  shed_pressure_days  floor_sales  animal_escapes  at_risk_of_escape  plants_died  missed_harvest_eod  feed_surplus  sell_revenue_total  premium_below_base_frac  discarded_units_total  unfed_signals  unwatered_eod
-------  ---------------------------------  ----------  -----------  --------------  ------  --------------  ----------------  ------------------  -----------  --------------  -----------------  -----------  ------------------  ------------  ------------------  -----------------------  ---------------------  -------------  -------------
scratch        kaggriculture-cloning-agent  4362837462      49103.0        159415.0    LOSS             2.0               130                   3           61               0                  0           52                  16          -377             94498.0                    0.391                      7             31            336
scratch        kaggriculture-cloning-agent  4362837463      33381.0        126851.0    LOSS             2.4               157                   0           39               0                  0           41                   7          -382             82192.0                     0.66                      0             35            331
scratch        kaggriculture-cloning-agent  4362837464      39685.0        129382.0    LOSS             1.6               108                   3           33               0                  0           63                  22          -340             82336.0                     0.64                     21             33            372
scratch        kaggriculture-cloning-agent  4362837465      35908.0        143138.0    LOSS             2.4               159                   4           49               1                  0           57                  13          -375             81907.0                    0.605                     19             40            368
scratch  kaggriculture-pipe16-idle-workers  4362837462      41809.0        155299.0    LOSS             2.0               130                   3           57               0                  0           52                  16          -377             86993.0                    0.588                      7             31            336
scratch  kaggriculture-pipe16-idle-workers  4362837463      17444.0        105180.0    LOSS             2.3               155                   6          166               1                  0           47                  14          -396             64098.0                    0.884                     33             32            348
scratch  kaggriculture-pipe16-idle-workers  4362837464      29443.0        120554.0    LOSS             1.5               100                   3           41               0                  0           54                  17          -415             82847.0                    0.855                      8             44            340
scratch  kaggriculture-pipe16-idle-workers  4362837465      20116.0        152756.0    LOSS             2.1               137                   4          136               0                  0           47                   7          -450             76724.0                    0.807                     33             44            293
scratch       kaggriculture-one-more-wheat  4362837462      67921.0        177270.0    LOSS             2.4               157                   3            0               2                  0           54                  17          -375            115479.0                    0.173                      8             37            349
scratch       kaggriculture-one-more-wheat  4362837463      17451.0        105208.0    LOSS             2.3               155                   6          166               1                  0           47                  14          -396             64076.0                    0.884                     33             32            348
scratch       kaggriculture-one-more-wheat  4362837464      19855.0        108296.0    LOSS             1.5                97                   2          143               0                  0           51                  15          -378             65080.0                    0.882                      9             33            357
scratch       kaggriculture-one-more-wheat  4362837465      33088.0        156930.0    LOSS             2.7               178                   4          103               2                  0           50                  13          -379             81584.0                    0.649                      5             40            323
scratch     kaggriculture-master-engine-v3  4362837462      51324.0        164802.0    LOSS             2.1               136                   2           57               0                  0           51                   9          -354             95272.0                    0.362                      5             27            379
scratch     kaggriculture-master-engine-v3  4362837463      33608.0        136488.0    LOSS             2.4               157                   0           31               0                  0           41                   7          -382             82340.0                     0.66                      0             35            331
scratch     kaggriculture-master-engine-v3  4362837464      36106.0        122053.0    LOSS             1.3                89                   3           48               1                  0           61                  13          -382             83414.0                     0.84                     16             34            407
scratch     kaggriculture-master-engine-v3  4362837465      20092.0        152712.0    LOSS             2.1               137                   4          136               0                  0           47                   7          -450             76749.0                    0.807                     33             44            293
