Saving replays to diag-replays/r5-g0  (workers=8)
  [#######---------------------]   1/4  25.0%  [##############--------------]   2/4  50.0%  [#####################-------]   3/4  75.0%  [############################]   4/4 100.0%  done.
  wrote days_seed4362837462.csv (120 rows)
  wrote days_seed4362837463.csv (120 rows)
  wrote days_seed4362837464.csv (120 rows)
  wrote days_seed4362837465.csv (120 rows)
  wrote games.csv (16 rows)

Per-game summary:
  agent                           opponent        seed  final_money  opponent_final  result  idle_share_pct  idle_units_total  shed_pressure_days  floor_sales  animal_escapes  at_risk_of_escape  plants_died  missed_harvest_eod  feed_surplus  sell_revenue_total  premium_below_base_frac  discarded_units_total  unfed_signals  unwatered_eod
-------  ---------------------------------  ----------  -----------  --------------  ------  --------------  ----------------  ------------------  -----------  --------------  -----------------  -----------  ------------------  ------------  ------------------  -----------------------  ---------------------  -------------  -------------
scratch        kaggriculture-cloning-agent  4362837462      74298.0        169473.0    LOSS             2.6               170                   2           19               0                  0           52                  14          -327            113336.0                    0.374                      0             24            367
scratch        kaggriculture-cloning-agent  4362837463      27620.0        113864.0    LOSS             2.3               151                   1           57               0                  0           58                  21          -313             63982.0                    0.874                     21             27            391
scratch        kaggriculture-cloning-agent  4362837464      39218.0        134318.0    LOSS             1.5                99                   1           33               1                  0           60                  20          -294             78660.0                    0.813                      0             36            378
scratch        kaggriculture-cloning-agent  4362837465      42530.0        150493.0    LOSS             2.6               175                   2           24               0                  0           51                  20          -280             79062.0                    0.627                      1             29            389
scratch       kaggriculture-one-more-wheat  4362837462      53464.0        158440.0    LOSS             2.4               156                   1           51               0                  0           57                  22          -273             90341.0                    0.388                      7             25            421
scratch       kaggriculture-one-more-wheat  4362837463      38394.0        124058.0    LOSS             2.7               178                   1            4               0                  0           52                  18          -279             72731.0                    0.834                     24             24            411
scratch       kaggriculture-one-more-wheat  4362837464      34549.0        115341.0    LOSS             2.1               139                   1           28               1                  0           64                  26          -338             73932.0                    0.796                      0             34            379
scratch       kaggriculture-one-more-wheat  4362837465      40608.0        160097.0    LOSS             3.3               218                   1           82               1                  0           56                  18          -249             76544.0                    0.567                      3             31            397
scratch     kaggriculture-master-engine-v3  4362837462      72666.0        179476.0    LOSS             2.6               170                   2           23               0                  0           52                  14          -327            111603.0                    0.374                      0             24            367
scratch     kaggriculture-master-engine-v3  4362837463      38383.0        123980.0    LOSS             2.7               178                   1            4               0                  0           52                  18          -278             72781.0                    0.834                     24             24            411
scratch     kaggriculture-master-engine-v3  4362837464      40255.0        120501.0    LOSS             1.4                93                   1           15               0                  0           59                  22          -277             78928.0                    0.793                      4             24            388
scratch     kaggriculture-master-engine-v3  4362837465      64419.0        163929.0    LOSS             3.0               202                   2           10               0                  0           58                  22          -316            102015.0                    0.445                     18             23            399
scratch  kaggriculture-pipe16-idle-workers  4362837462      72679.0        179518.0    LOSS             2.6               170                   2           23               0                  0           52                  14          -328            111575.0                    0.374                      0             24            367
scratch  kaggriculture-pipe16-idle-workers  4362837463      38392.0        124027.0    LOSS             2.7               178                   1            4               0                  0           52                  18          -279             72747.0                    0.834                     24             24            411
scratch  kaggriculture-pipe16-idle-workers  4362837464      57499.0        149660.0    LOSS             1.6               106                   1           42               0                  0           65                  19          -280             95645.0                    0.308                      0             28            415
scratch  kaggriculture-pipe16-idle-workers  4362837465      64442.0        163970.0    LOSS             3.0               202                   2           10               0                  0           58                  22          -317            101991.0                    0.445                     18             23            399
