Saving replays to diag-replays/r6-g1  (workers=8)
  [#######---------------------]   1/4  25.0%  [##############--------------]   2/4  50.0%  [#####################-------]   3/4  75.0%  [############################]   4/4 100.0%  done.
  wrote days_seed4362837462.csv (120 rows)
  wrote days_seed4362837463.csv (120 rows)
  wrote days_seed4362837464.csv (120 rows)
  wrote days_seed4362837465.csv (120 rows)
  wrote games.csv (16 rows)

Per-game summary:
  agent                           opponent        seed  final_money  opponent_final  result  idle_share_pct  idle_units_total  shed_pressure_days  floor_sales  animal_escapes  at_risk_of_escape  plants_died  missed_harvest_eod  feed_surplus  sell_revenue_total  premium_below_base_frac  discarded_units_total  unfed_signals  unwatered_eod
-------  ---------------------------------  ----------  -----------  --------------  ------  --------------  ----------------  ------------------  -----------  --------------  -----------------  -----------  ------------------  ------------  ------------------  -----------------------  ---------------------  -------------  -------------
scratch        kaggriculture-cloning-agent  4362837462      58863.0        157734.0    LOSS             2.3               152                   3           19               2                  0           50                  22          -356            109709.0                    0.413                      8             38            332
scratch        kaggriculture-cloning-agent  4362837463      32362.0        114374.0    LOSS             2.2               144                   2           64               0                  0           54                  24          -378             80026.0                    0.913                      3             31            328
scratch        kaggriculture-cloning-agent  4362837464      43210.0        139507.0    LOSS             2.3               152                   2           10               1                  0           59                  26          -304             91815.0                    0.725                     15             34            361
scratch        kaggriculture-cloning-agent  4362837465      30780.0        140467.0    LOSS             2.5               164                   3          188               2                  0           51                  17          -366             80285.0                    0.691                      8             33            333
scratch  kaggriculture-pipe16-idle-workers  4362837462      54316.0        157802.0    LOSS             2.3               152                   3           19               2                  0           50                  22          -357            104908.0                    0.516                      8             38            332
scratch  kaggriculture-pipe16-idle-workers  4362837463      32349.0        114002.0    LOSS             2.2               144                   2           58               0                  0           54                  24          -378             79945.0                    0.913                      3             31            328
scratch  kaggriculture-pipe16-idle-workers  4362837464      47752.0        150583.0    LOSS             2.2               148                   2           35               0                  0           51                  14          -247             93346.0                    0.404                      0             36            360
scratch  kaggriculture-pipe16-idle-workers  4362837465      55143.0        179671.0    LOSS             2.4               161                   1           16               0                  0           51                  22          -355            106775.0                    0.499                      1             40            315
scratch     kaggriculture-master-engine-v3  4362837462      54302.0        157764.0    LOSS             2.3               152                   3           19               2                  0           50                  22          -356            104950.0                    0.516                      8             38            332
scratch     kaggriculture-master-engine-v3  4362837463      24914.0        107993.0    LOSS             1.9               125                   2           55               0                  0           57                  20          -389             76041.0                    0.889                      8             41            332
scratch     kaggriculture-master-engine-v3  4362837464      47854.0        160357.0    LOSS             1.4                95                   2           33               2                  0           54                  24          -339             99586.0                    0.554                     14             46            332
scratch     kaggriculture-master-engine-v3  4362837465      55135.0        179625.0    LOSS             2.4               161                   1           16               0                  0           51                  22          -355            106817.0                    0.499                      1             40            315
scratch       kaggriculture-one-more-wheat  4362837462      54320.0        157830.0    LOSS             2.3               152                   3           19               2                  0           50                  22          -352            104802.0                    0.516                      8             38            332
scratch       kaggriculture-one-more-wheat  4362837463      32356.0        114029.0    LOSS             2.2               144                   2           58               0                  0           54                  24          -378             79917.0                    0.913                      3             31            328
scratch       kaggriculture-one-more-wheat  4362837464      33676.0        118510.0    LOSS             2.2               149                   1           40               1                  0           53                  17          -316             81743.0                    0.731                      0             38            327
scratch       kaggriculture-one-more-wheat  4362837465      64681.0        176738.0    LOSS             2.0               136                   3            2               2                  0           48                  18          -384            118396.0                     0.45                     17             41            315
