Saving replays to diag-replays/r6b-g1  (workers=8)
  [#######---------------------]   1/4  25.0%  [##############--------------]   2/4  50.0%  [#####################-------]   3/4  75.0%  [############################]   4/4 100.0%  done.
  wrote days_seed4362837462.csv (120 rows)
  wrote days_seed4362837463.csv (120 rows)
  wrote days_seed4362837464.csv (120 rows)
  wrote days_seed4362837465.csv (120 rows)
  wrote games.csv (16 rows)

Per-game summary:
  agent                           opponent        seed  final_money  opponent_final  result  idle_share_pct  idle_units_total  shed_pressure_days  floor_sales  animal_escapes  at_risk_of_escape  plants_died  missed_harvest_eod  feed_surplus  sell_revenue_total  premium_below_base_frac  discarded_units_total  unfed_signals  unwatered_eod
-------  ---------------------------------  ----------  -----------  --------------  ------  --------------  ----------------  ------------------  -----------  --------------  -----------------  -----------  ------------------  ------------  ------------------  -----------------------  ---------------------  -------------  -------------
scratch        kaggriculture-cloning-agent  4362837462      51346.0        154614.0    LOSS             2.0               136                   2           19               0                  0           45                  11          -309             99814.0                    0.407                      7             37            366
scratch        kaggriculture-cloning-agent  4362837463      35782.0        115691.0    LOSS             2.5               167                   2           52               1                  0           50                  17          -321             82125.0                    0.728                     15             36            385
scratch        kaggriculture-cloning-agent  4362837464      59928.0        172846.0    LOSS             1.6               108                   2           32               1                  0           53                  14          -331            110899.0                    0.313                      6             39            358
scratch        kaggriculture-cloning-agent  4362837465      36156.0        149300.0    LOSS             1.8               121                   3           44               0                  0           51                   8          -413             93709.0                    0.623                      8             44            363
scratch     kaggriculture-master-engine-v3  4362837462      46887.0        151213.0    LOSS             2.0               136                   2           22               0                  0           45                  11          -309             95210.0                    0.581                      7             37            366
scratch     kaggriculture-master-engine-v3  4362837463      35603.0        115145.0    LOSS             2.5               167                   2           51               1                  0           50                  17          -321             81912.0                    0.731                     15             36            385
scratch     kaggriculture-master-engine-v3  4362837464      36610.0        136009.0    LOSS             1.9               125                   1            3               2                  0           56                  19          -363             90431.0                    0.772                     10             37            347
scratch     kaggriculture-master-engine-v3  4362837465      41557.0        163239.0    LOSS             2.3               150                   1            8               1                  0           53                  15          -356             94810.0                    0.745                     21             42            333
scratch  kaggriculture-pipe16-idle-workers  4362837462      46752.0        150627.0    LOSS             2.0               136                   2           22               0                  0           45                  11          -310             95072.0                    0.581                      7             37            366
scratch  kaggriculture-pipe16-idle-workers  4362837463      35621.0        115186.0    LOSS             2.5               167                   2           51               1                  0           50                  17          -322             81859.0                    0.731                     15             36            385
scratch  kaggriculture-pipe16-idle-workers  4362837464      37995.0        141933.0    LOSS             2.0               133                   3            0               1                  0           50                  17          -339             92030.0                    0.752                     24             42            366
scratch  kaggriculture-pipe16-idle-workers  4362837465      41565.0        163280.0    LOSS             2.3               150                   1            8               1                  0           53                  15          -356             94769.0                    0.745                     21             42            333
scratch       kaggriculture-one-more-wheat  4362837462      46760.0        150656.0    LOSS             2.0               136                   2           22               0                  0           45                  11          -305             94966.0                    0.581                      7             37            366
scratch       kaggriculture-one-more-wheat  4362837463      35623.0        115213.0    LOSS             2.5               167                   2           51               1                  0           50                  17          -322             81828.0                    0.731                     15             36            385
scratch       kaggriculture-one-more-wheat  4362837464      20100.0        114550.0    LOSS             2.0               132                   0           91               1                  0           55                  13          -342             70578.0                    0.869                      0             41            353
scratch       kaggriculture-one-more-wheat  4362837465      41569.0        163311.0    LOSS             2.3               150                   1            8               1                  0           53                  15          -356             94664.0                    0.745                     21             42            333
