Saving replays to diag-replays/r9-b40  (workers=8)
  [#######---------------------]   1/4  25.0%  [##############--------------]   2/4  50.0%  [#####################-------]   3/4  75.0%  [############################]   4/4 100.0%  done.
  wrote days_seed4362837462.csv (120 rows)
  wrote days_seed4362837463.csv (120 rows)
  wrote days_seed4362837464.csv (120 rows)
  wrote days_seed4362837465.csv (120 rows)
  wrote games.csv (16 rows)

Per-game summary:
  agent                           opponent        seed  final_money  opponent_final  result  idle_share_pct  idle_units_total  shed_pressure_days  floor_sales  animal_escapes  at_risk_of_escape  plants_died  missed_harvest_eod  feed_surplus  sell_revenue_total  premium_below_base_frac  discarded_units_total  unfed_signals  unwatered_eod
-------  ---------------------------------  ----------  -----------  --------------  ------  --------------  ----------------  ------------------  -----------  --------------  -----------------  -----------  ------------------  ------------  ------------------  -----------------------  ---------------------  -------------  -------------
scratch       kaggriculture-one-more-wheat  4362837462      34187.0        139450.0    LOSS             2.1               138                   2           79               2                  0           54                  19          -326             78728.0                    0.679                      3             35            353
scratch       kaggriculture-one-more-wheat  4362837463      32550.0        115699.0    LOSS             3.1               203                   2           37               3                  0           48                  18          -301             73195.0                    0.799                     19             35            359
scratch       kaggriculture-one-more-wheat  4362837464      19847.0        114600.0    LOSS             2.0               130                   1           91               1                  0           55                  13          -343             65727.0                    0.871                      3             41            353
scratch       kaggriculture-one-more-wheat  4362837465      27301.0        144788.0    LOSS             2.4               161                   1           35               2                  0           54                  12          -344             75341.0                    0.751                      0             33            344
scratch        kaggriculture-cloning-agent  4362837462      51299.0        154641.0    LOSS             2.0               136                   2           19               0                  0           45                  11          -309             94902.0                    0.407                      7             37            366
scratch        kaggriculture-cloning-agent  4362837463      32438.0        114400.0    LOSS             3.1               203                   2           38               3                  0           48                  18          -301             73177.0                    0.799                     19             35            359
scratch        kaggriculture-cloning-agent  4362837464      59737.0        172875.0    LOSS             1.6               106                   2           32               1                  0           53                  14          -334            106161.0                    0.313                      6             39            358
scratch        kaggriculture-cloning-agent  4362837465      36582.0        149400.0    LOSS             1.8               122                   5           45               0                  0           50                   8          -413             89220.0                    0.622                     16             43            364
scratch     kaggriculture-master-engine-v3  4362837462      46849.0        151224.0    LOSS             2.0               136                   2           22               0                  0           45                  11          -309             90328.0                    0.581                      7             37            366
scratch     kaggriculture-master-engine-v3  4362837463      32539.0        115627.0    LOSS             3.1               203                   2           37               3                  0           48                  18          -301             73217.0                    0.799                     19             35            359
scratch     kaggriculture-master-engine-v3  4362837464      36615.0        135996.0    LOSS             1.8               123                   1            3               2                  0           56                  19          -363             85833.0                    0.772                     10             37            347
scratch     kaggriculture-master-engine-v3  4362837465      41555.0        163276.0    LOSS             2.3               150                   2            8               1                  0           53                  15          -356             89824.0                    0.745                     21             42            333
scratch  kaggriculture-pipe16-idle-workers  4362837462      46877.0        151263.0    LOSS             2.0               136                   2           22               0                  0           45                  11          -310             90303.0                    0.581                      7             37            366
scratch  kaggriculture-pipe16-idle-workers  4362837463      32546.0        115669.0    LOSS             3.1               203                   2           37               3                  0           48                  18          -301             73213.0                    0.799                     19             35            359
scratch  kaggriculture-pipe16-idle-workers  4362837464      37562.0        142012.0    LOSS             2.0               131                   4            0               1                  0           50                  17          -343             87188.0                     0.75                     33             42            366
scratch  kaggriculture-pipe16-idle-workers  4362837465      41561.0        163315.0    LOSS             2.3               150                   2            8               1                  0           53                  15          -356             89789.0                    0.745                     21             42            333
