Saving replays to diag-replays/r9-g2  (workers=8)
  [#######---------------------]   1/4  25.0%  [##############--------------]   2/4  50.0%  [#####################-------]   3/4  75.0%  [############################]   4/4 100.0%  done.
  wrote days_seed4362837462.csv (120 rows)
  wrote days_seed4362837463.csv (120 rows)
  wrote days_seed4362837464.csv (120 rows)
  wrote days_seed4362837465.csv (120 rows)
  wrote games.csv (16 rows)

Per-game summary:
  agent                           opponent        seed  final_money  opponent_final  result  idle_share_pct  idle_units_total  shed_pressure_days  floor_sales  animal_escapes  at_risk_of_escape  plants_died  missed_harvest_eod  feed_surplus  sell_revenue_total  premium_below_base_frac  discarded_units_total  unfed_signals  unwatered_eod
-------  ---------------------------------  ----------  -----------  --------------  ------  --------------  ----------------  ------------------  -----------  --------------  -----------------  -----------  ------------------  ------------  ------------------  -----------------------  ---------------------  -------------  -------------
scratch        kaggriculture-cloning-agent  4362837462      51075.0        154589.0    LOSS             2.0               136                   2           20               0                  0           45                  11          -309             95591.0                    0.407                      7             37            366
scratch        kaggriculture-cloning-agent  4362837463      32154.0        114478.0    LOSS             3.1               203                   2           40               3                  0           48                  18          -301             73234.0                    0.799                     19             35            359
scratch        kaggriculture-cloning-agent  4362837464      59691.0        172888.0    LOSS             1.6               106                   2           35               1                  0           53                  14          -334            106714.0                    0.313                      6             39            358
scratch        kaggriculture-cloning-agent  4362837465      36890.0        149580.0    LOSS             1.8               122                   5           48               0                  0           50                   8          -413             90184.0                    0.622                     16             43            364
scratch       kaggriculture-one-more-wheat  4362837462      34116.0        139465.0    LOSS             2.1               138                   2           83               2                  0           54                  19          -326             79250.0                    0.679                      3             35            353
scratch       kaggriculture-one-more-wheat  4362837463      32356.0        115887.0    LOSS             3.1               203                   2           39               3                  0           48                  18          -301             73342.0                    0.799                     19             35            359
scratch       kaggriculture-one-more-wheat  4362837464      19853.0        114699.0    LOSS             2.0               130                   1           91               1                  0           55                  13          -343             66190.0                    0.871                      3             41            353
scratch       kaggriculture-one-more-wheat  4362837465      27659.0        145119.0    LOSS             2.4               161                   1           40               2                  0           54                  12          -344             75886.0                    0.754                      0             33            344
scratch     kaggriculture-master-engine-v3  4362837462      46823.0        151216.0    LOSS             2.0               136                   2           24               0                  0           45                  11          -309             91212.0                    0.578                      7             37            366
scratch     kaggriculture-master-engine-v3  4362837463      32342.0        115815.0    LOSS             3.1               203                   2           39               3                  0           48                  18          -301             73361.0                    0.799                     19             35            359
scratch     kaggriculture-master-engine-v3  4362837464      36428.0        135959.0    LOSS             1.8               123                   1            0               2                  0           56                  19          -363             85818.0                    0.772                     10             37            347
scratch     kaggriculture-master-engine-v3  4362837465      41293.0        163129.0    LOSS             2.3               150                   2            2               1                  0           53                  15          -356             90338.0                    0.745                     21             42            333
scratch  kaggriculture-pipe16-idle-workers  4362837462      46845.0        151255.0    LOSS             2.0               136                   2           24               0                  0           45                  11          -310             91179.0                    0.578                      7             37            366
scratch  kaggriculture-pipe16-idle-workers  4362837463      32352.0        115857.0    LOSS             3.1               203                   2           39               3                  0           48                  18          -301             73360.0                    0.799                     19             35            359
scratch  kaggriculture-pipe16-idle-workers  4362837464      37254.0        141896.0    LOSS             2.0               131                   4            0               1                  0           50                  17          -343             87147.0                    0.756                     33             42            366
scratch  kaggriculture-pipe16-idle-workers  4362837465      41302.0        163166.0    LOSS             2.3               150                   2            2               1                  0           53                  15          -356             90303.0                    0.745                     21             42            333
