Saving replays to diag-replays/season-pre  (workers=8)
  [#######---------------------]   1/4  25.0%  [##############--------------]   2/4  50.0%  [#####################-------]   3/4  75.0%  [############################]   4/4 100.0%  done.
  wrote days_seed4362837462.csv (120 rows)
  wrote days_seed4362837463.csv (120 rows)
  wrote days_seed4362837464.csv (120 rows)
  wrote days_seed4362837465.csv (120 rows)
  wrote games.csv (16 rows)

Per-game summary:
  agent                           opponent        seed  final_money  opponent_final  result  idle_share_pct  idle_units_total  shed_pressure_days  floor_sales  animal_escapes  at_risk_of_escape  plants_died  missed_harvest_eod  feed_surplus  sell_revenue_total  premium_below_base_frac  discarded_units_total  unfed_signals  unwatered_eod
-------  ---------------------------------  ----------  -----------  --------------  ------  --------------  ----------------  ------------------  -----------  --------------  -----------------  -----------  ------------------  ------------  ------------------  -----------------------  ---------------------  -------------  -------------
scratch        kaggriculture-cloning-agent  4362837462      60595.0        161079.0    LOSS             2.2               133                   0            4               0                  0           44                  13          -294             93155.0                    0.381                      0             19            359
scratch        kaggriculture-cloning-agent  4362837463      32259.0        114207.0    LOSS             2.1               125                   0           61               0                  0           49                  14          -261             62759.0                    0.812                      0             18            387
scratch        kaggriculture-cloning-agent  4362837464      35749.0        134218.0    LOSS             2.1               126                   0           42               0                  0           56                  18          -298             70262.0                    0.771                      0             23            383
scratch        kaggriculture-cloning-agent  4362837465      44262.0        151386.0    LOSS             2.7               166                   0           81               0                  0           49                  13          -251             72991.0                    0.538                      0             18            372
scratch       kaggriculture-one-more-wheat  4362837462      63698.0        170755.0    LOSS             1.7               101                   0            9               0                  0           53                  20          -271             95425.0                    0.343                      0             17            373
scratch       kaggriculture-one-more-wheat  4362837463      32444.0        115127.0    LOSS             2.1               125                   0           61               0                  0           49                  14          -262             62813.0                    0.812                      0             18            387
scratch       kaggriculture-one-more-wheat  4362837464      47104.0        141678.0    LOSS             1.7               104                   0            0               0                  0           50                  11          -273             82986.0                    0.639                      0             21            355
scratch       kaggriculture-one-more-wheat  4362837465      38040.0        170286.0    LOSS             2.5               149                   0          121               0                  0           51                  13          -280             71532.0                    0.574                      0             20            347
scratch     kaggriculture-master-engine-v3  4362837462      53397.0        165549.0    LOSS             1.7               103                   0           43               0                  0           51                  12          -293             85592.0                    0.394                      0             19            381
scratch     kaggriculture-master-engine-v3  4362837463      32432.0        115059.0    LOSS             2.1               125                   0           61               0                  0           49                  14          -261             62860.0                    0.812                      0             18            387
scratch     kaggriculture-master-engine-v3  4362837464      35365.0        135378.0    LOSS             2.1               128                   0           48               0                  0           56                  18          -298             70130.0                    0.774                      0             23            383
scratch     kaggriculture-master-engine-v3  4362837465      41350.0        170471.0    LOSS             1.9               113                   0           48               0                  0           43                  20          -272             71216.0                    0.536                      0             17            359
scratch  kaggriculture-pipe16-idle-workers  4362837462      43219.0        135598.0    LOSS             1.6               100                   0           41               0                  0           49                  14          -298             76463.0                    0.647                      0             18            405
scratch  kaggriculture-pipe16-idle-workers  4362837463      32443.0        115098.0    LOSS             2.1               125                   0           61               0                  0           49                  14          -262             62830.0                    0.812                      0             18            387
scratch  kaggriculture-pipe16-idle-workers  4362837464      35380.0        135420.0    LOSS             2.1               126                   0           48               0                  0           56                  18          -298             69882.0                    0.774                      0             23            383
scratch  kaggriculture-pipe16-idle-workers  4362837465      37143.0        160786.0    LOSS             2.2               137                   0           96               0                  0           50                  18          -272             68037.0                    0.537                      0             16            388
